---
source: crates/aprender-train/src/prune/snapshot_tests.rs
expression: stage_info
---
[
  {
    "name": "Idle",
    "is_active": false,
    "is_terminal": false
  },
  {
    "name": "Calibrating",
    "is_active": true,
    "is_terminal": false
  },
  {
    "name": "Computing Importance",
    "is_active": true,
    "is_terminal": false
  },
  {
    "name": "Pruning",
    "is_active": true,
    "is_terminal": false
  },
  {
    "name": "Fine-Tuning",
    "is_active": true,
    "is_terminal": false
  },
  {
    "name": "Evaluating",
    "is_active": true,
    "is_terminal": false
  },
  {
    "name": "Exporting",
    "is_active": true,
    "is_terminal": false
  },
  {
    "name": "Complete",
    "is_active": false,
    "is_terminal": true
  },
  {
    "name": "Failed",
    "is_active": false,
    "is_terminal": true
  }
]
