│                                                                          WARN   │
│  20 │     11 │   2670 =   2670 │   0.2549 │ 0.999900 │  0.00058 │   90.3σ  │
│  21 │   4237 │   9471 =   9471 │   0.2721 │ 0.999919 │  0.00124 │   75.0σ  │
│  22 │  23869 │     11 =     11 │   0.2373 │ 0.999898 │  0.00092 │   79.5σ  │
│  23 │     11 │    323 =    323 │   0.1965 │ 0.999900 │  0.00011 │   95.7σ  │
│  24 │  15626 │  14155 =  14155 │   0.1758 │ 0.999880 │  0.00067 │  106.9σ  │
│  25 │  49054 │     11 =     11 │   0.1848 │ 0.999845 │  0.00007 │  115.9σ  │
│  26 │     11 │    323 =    323 │   0.1761 │ 0.999877 │  0.00019 │  114.6σ  │
│  27 │  10272 │   2022 =   2022 │   0.2034 │ 0.999721 │  0.00069 │   89.9σ  │
│  28 │   1506 │  29728 =  29728 │   0.2158 │ 0.999862 │  0.00072 │   94.3σ  │
│  29 │   6529 │  23783 =  23783 │   0.1880 │ 0.999891 │  0.00073 │  102.5σ  │
│  30 │  63515 │     11 =     11 │   0.1879 │ 0.999839 │  0.00007 │  109.7σ  │
│  31 │     11 │    323 =    323 │   0.1830 │ 0.999896 │  0.00022 │  107.9σ  │
│  32 │    323 │   1008 =   1008 │   0.1859 │ 0.999909 │  0.00048 │  105.2σ  │
│  33 │    279 │    990 =    990 │   0.1906 │ 0.999897 │  0.00081 │  103.2σ  │
│  34 │  27889 │    315 =    315 │   0.2045 │ 0.999851 │  0.00001 │   93.7σ  │
│  35 │    315 │  32168 =  32168 │   0.2112 │ 0.999929 │  0.00034 │   98.9σ  │
│  36 │    656 │  59711 =  59711 │   0.2317 │ 0.999770 │  0.00098 │   87.8σ  │
│  37 │  38589 │    291 =    291 │   0.2118 │ 0.999855 │  0.00013 │   85.6σ  │
│  38 │    291 │    821 =    821 │   0.2252 │ 0.999907 │  0.00104 │   94.5σ  │
│  39 │  44378 │     13 =     13 │   0.1904 │ 0.999908 │  0.00138 │  104.1σ  │
│  40 │   3941 │   5248 =   5248 │   0.1941 │ 0.999930 │  0.00053 │   99.5σ  │
│  41 │   3040 │   2155 =   2155 │   0.2977 │ 0.999908 │  0.00195 │   71.7σ  │
│  42 │  97782 │    821 =    821 │   0.2065 │ 0.999926 │  0.00045 │  105.1σ  │
│  43 │  18432 │     13 =     13 │   0.1775 │ 0.999886 │  0.00017 │  111.1σ  │
│  44 │     26 │    279 =    279 │   0.3788 │ 0.999809 │  0.00114 │   44.9σ  │
│  45 │   1449 │  13734 =  13734 │   0.2098 │ 0.999940 │  0.00057 │   99.4σ  │
│  46 │  14311 │    304 !    572 │   0.2466 │ 0.999926 │  0.00125 │   74.7σ  │
│                                                                          WARN   │
│  47 │    572 │  90326 =  90326 │   0.2167 │ 0.999945 │  0.00085 │  103.6σ  │
│  48 │  48826 │     11 =     11 │   0.1926 │ 0.999931 │  0.00100 │   94.2σ  │
│  49 │     11 │    323 =    323 │   0.2572 │ 0.999897 │  0.00016 │   66.7σ  │
│  50 │   1449 │  11652 =  11652 │   0.2000 │ 0.999926 │  0.00036 │   98.0σ  │
│  51 │   1965 │    572 =    572 │   0.2279 │ 0.999931 │  0.00022 │   96.4σ  │
│  52 │    572 │  17256 =  17256 │   0.2020 │ 0.999948 │  0.00041 │  106.9σ  │
│  53 │  21870 │     11 =     11 │   0.2490 │ 0.999925 │  0.00016 │  103.9σ  │
│  54 │     11 │    323 =    323 │   0.1924 │ 0.999911 │  0.00001 │  108.0σ  │
│  55 │    323 │   1449 =   1449 │   0.2680 │ 0.999917 │  0.00007 │   88.3σ  │
│  56 │    279 │   2197 =   2197 │   0.2443 │ 0.999905 │  0.00105 │   92.8σ  │
│  57 │   1895 │    572 =    572 │   0.2084 │ 0.999901 │  0.00046 │   88.1σ  │
│  58 │   9482 │    448 =    448 │   0.2157 │ 0.999930 │  0.00005 │   89.8σ  │
│  59 │    448 │    264 =    264 │   0.1923 │ 0.999940 │  0.00006 │  105.9σ  │
│  60 │    264 │  11682 =  11682 │   0.2109 │ 0.999940 │  0.00067 │   92.2σ  │
│  61 │  52573 │    315 =    315 │   0.2311 │ 0.999921 │  0.00018 │   84.8σ  │
│  62 │    315 │   1917 =   1917 │   0.2307 │ 0.999947 │  0.00108 │   91.7σ  │
│  63 │  52374 │  69715 =  69715 │   0.1799 │ 0.999929 │  0.00021 │  110.0σ  │
│  64 │  41017 │   3589 =   3589 │   0.2232 │ 0.999940 │  0.00082 │   78.4σ  │
│  65 │  22901 │   3589 =   3589 │   0.1945 │ 0.999935 │  0.00014 │   95.6σ  │
│  66 │   7354 │     13 =     13 │   0.1857 │ 0.999912 │  0.00062 │  114.5σ  │
│  67 │    429 │   5230 =   5230 │   0.2039 │ 0.999938 │  0.00088 │  105.5σ  │
│  68 │   1030 │   1012 =   1012 │   0.1933 │ 0.999941 │  0.00032 │  115.1σ  │
│  69 │    311 │    387 =    387 │   0.2046 │ 0.999917 │  0.00001 │   99.5σ  │
│  70 │   1494 │   1573 =   1573 │   0.2869 │ 0.999872 │  0.00032 │   58.3σ  │
│  71 │   1573 │    279 =    279 │   0.2512 │ 0.999910 │  0.00039 │   89.2σ  │
│  72 │    279 │  12801 =  12801 │   0.2883 │ 0.999899 │  0.00149 │   76.8σ  │
│  73 │   4879 │    315 =    315 │   0.2536 │ 0.999902 │  0.00042 │   90.2σ  │
│  74 │   1410 │    387 =    387 │   0.2127 │ 0.999922 │  0.00175 │   92.2σ  │
│  75 │    387 │   6509 =   6509 │   0.2467 │ 0.999958 │  0.00095 │  109.4σ  │
│  76 │  37113 │    438 =    438 │   0.2071 │ 0.999906 │  0.00051 │   94.7σ  │
│  77 │     13 │    576 =    576 │   0.2893 │ 0.999889 │  0.00051 │  102.5σ  │
