│  19 │   5819 │     13 =     13 │   0.3347 │ 0.999848 │  0.00144 │   61.6σ  │
│  20 │     11 │    892 =    892 │   0.3057 │ 0.999861 │  0.00189 │   64.6σ  │
│  21 │   4237 │   9471 =   9471 │   0.6573 │ 0.999631 │  0.00598 │   31.1σ  │
│  22 │  23869 │     11 =     11 │   0.5021 │ 0.999706 │  0.00612 │   40.3σ  │
│  23 │     11 │    323 =    323 │   0.3872 │ 0.999818 │  0.00087 │   50.5σ  │
│  24 │  15626 │  14155 =  14155 │   0.3850 │ 0.999812 │  0.00255 │   49.0σ  │
│  25 │  49054 │     11 =     11 │   0.3048 │ 0.999798 │  0.00021 │   66.3σ  │
│  26 │     11 │    323 =    323 │   0.3060 │ 0.999884 │  0.00068 │   65.2σ  │
│  27 │  10272 │   2022 =   2022 │   0.4200 │ 0.999468 │  0.00098 │   43.9σ  │
│  28 │   1506 │  29728 =  29728 │   0.3534 │ 0.999854 │  0.00382 │   55.1σ  │
│  29 │   6529 │     11 =     11 │   0.3507 │ 0.999793 │  0.00065 │   50.2σ  │
│  30 │  63515 │     11 =     11 │   0.2909 │ 0.999801 │  0.00005 │   72.6σ  │
│  31 │     11 │    323 =    323 │   0.2871 │ 0.999915 │  0.00041 │   71.1σ  │
│  32 │    323 │   1008 =   1008 │   0.2808 │ 0.999924 │  0.00175 │   68.5σ  │
│  33 │    279 │    990 !   1075 │   0.2834 │ 0.999925 │  0.00190 │   70.4σ  │
│                                                                          WARN   │
│  34 │  27889 │    315 =    315 │   0.3104 │ 0.999813 │  0.00005 │   61.1σ  │
│  35 │    315 │  30128 =  30128 │   0.3531 │ 0.999909 │  0.00142 │   59.5σ  │
│  36 │    656 │   1331 =   1331 │   0.4437 │ 0.999550 │  0.00203 │   48.0σ  │
│  37 │  38589 │    291 =    291 │   0.2869 │ 0.999839 │  0.00012 │   73.5σ  │
│  38 │    291 │   5819 =   5819 │   0.3191 │ 0.999927 │  0.00128 │   64.5σ  │
│  39 │  44378 │     13 =     13 │   0.3647 │ 0.999827 │  0.00163 │   45.2σ  │
│  40 │   3941 │   2155 =   2155 │   0.3667 │ 0.999878 │  0.00118 │   44.4σ  │
│  41 │   3040 │   2155 =   2155 │   0.2883 │ 0.999903 │  0.00128 │   57.3σ  │
│  42 │  97782 │  24231 =  24231 │   0.2895 │ 0.999930 │  0.00145 │   69.4σ  │
│  43 │  18432 │     13 =     13 │   0.3023 │ 0.999842 │  0.00027 │   71.3σ  │
│  44 │     26 │    279 =    279 │   0.3122 │ 0.999836 │  0.00126 │   52.4σ  │
│  45 │   1449 │  13734 =  13734 │   0.3173 │ 0.999899 │  0.00191 │   57.0σ  │
│  46 │  14311 │    572 =    572 │   0.2877 │ 0.999887 │  0.00107 │   67.9σ  │
│  47 │    572 │   5326 =   5326 │   0.2869 │ 0.999899 │  0.00164 │   70.3σ  │
│  48 │  48826 │    504 =    504 │   0.2438 │ 0.999904 │  0.00129 │   76.0σ  │
│  49 │     11 │    323 =    323 │   0.2633 │ 0.999882 │  0.00045 │   72.2σ  │
│  50 │   1449 │  11652 =  11652 │   0.3286 │ 0.999909 │  0.00317 │   64.7σ  │
│  51 │   1965 │   1030 =   1030 │   0.2998 │ 0.999896 │  0.00075 │   62.6σ  │
│  52 │    572 │  29829 =  29829 │   0.3528 │ 0.999902 │  0.00106 │   58.8σ  │
│  53 │  21870 │     11 =     11 │   0.2355 │ 0.999903 │  0.00013 │   82.1σ  │
│  54 │     11 │    323 =    323 │   0.2318 │ 0.999853 │  0.00007 │   78.7σ  │
│  55 │    323 │   1449 =   1449 │   0.2404 │ 0.999874 │  0.00126 │   69.5σ  │
│  56 │    279 │   1467 =   1467 │   0.2761 │ 0.999917 │  0.00115 │   68.6σ  │
│  57 │   1895 │    572 =    572 │   0.3267 │ 0.999887 │  0.00049 │   72.6σ  │
│  58 │   9482 │    448 =    448 │   0.2836 │ 0.999894 │  0.00016 │   73.7σ  │
│  59 │    448 │    264 =    264 │   0.2697 │ 0.999909 │  0.00010 │   67.4σ  │
│  60 │    264 │  12126 =  12126 │   0.2885 │ 0.999934 │  0.00138 │   72.2σ  │
│  61 │  52573 │    315 =    315 │   0.2671 │ 0.999898 │  0.00018 │   70.8σ  │
│  62 │    315 │   3589 =   3589 │   0.3232 │ 0.999900 │  0.00168 │   54.0σ  │
│  63 │  52374 │   3589 =   3589 │   0.2636 │ 0.999895 │  0.00045 │   72.0σ  │
│  64 │  41017 │   3589 =   3589 │   0.2390 │ 0.999928 │  0.00087 │   76.8σ  │
│  65 │  22901 │   3501 =   3501 │   0.2564 │ 0.999896 │  0.00103 │   71.7σ  │
│  66 │   7354 │     13 =     13 │   0.2644 │ 0.999883 │  0.00022 │   61.8σ  │
│  67 │    429 │   1035 =   1035 │   0.3115 │ 0.999901 │  0.00051 │   59.6σ  │
│  68 │   1030 │   1012 =   1012 │   0.2833 │ 0.999874 │  0.00154 │   67.9σ  │
│  69 │    311 │    387 =    387 │   0.2993 │ 0.999878 │  0.00000 │   57.4σ  │
│  70 │   1494 │   1573 =   1573 │   0.2463 │ 0.999893 │  0.00019 │   74.8σ  │
│  71 │   1573 │    279 =    279 │   0.3257 │ 0.999906 │  0.00112 │   55.7σ  │
│  72 │    279 │  12801 =  12801 │   0.4055 │ 0.999899 │  0.00164 │   52.1σ  │
│  73 │   4879 │    315 =    315 │   0.3052 │ 0.999888 │  0.00112 │   60.6σ  │
│  74 │   1410 │    387 =    387 │   0.2461 │ 0.999918 │  0.00029 │   73.4σ  │
│  75 │    387 │   6509 =   6509 │   0.2846 │ 0.999917 │  0.00069 │   70.7σ  │
│  76 │  37113 │    438 =    438 │   0.2628 │ 0.999917 │  0.00036 │   73.4σ  │
│  77 │     13 │    576 =    576 │   0.2860 │ 0.999811 │  0.00130 │   64.2σ  │
