│  20 │     11 │   2670 =   2670 │   0.2208 │ 0.999910 │  0.00091 │   96.8σ  │
│  21 │   4237 │   9471 =   9471 │   0.2389 │ 0.999931 │  0.00078 │   80.9σ  │
│  22 │  23869 │     11 =     11 │   0.2731 │ 0.999865 │  0.00163 │   74.7σ  │
│  23 │     11 │    323 =    323 │   0.2471 │ 0.999865 │  0.00013 │   77.1σ  │
│  24 │  15626 │  14155 =  14155 │   0.2385 │ 0.999782 │  0.00079 │   75.6σ  │
│  25 │  49054 │     11 =     11 │   0.1764 │ 0.999851 │  0.00004 │  118.9σ  │
│  26 │     11 │    323 =    323 │   0.1993 │ 0.999852 │  0.00016 │   98.4σ  │
│  27 │  10272 │   2022 =   2022 │   0.1684 │ 0.999843 │  0.00022 │  124.0σ  │
│  28 │   1506 │  29728 =  29728 │   0.1878 │ 0.999899 │  0.00046 │  108.1σ  │
│  29 │   6529 │  23783 =  23783 │   0.1990 │ 0.999905 │  0.00019 │  107.4σ  │
│  30 │  63515 │     11 =     11 │   0.1764 │ 0.999870 │  0.00001 │  121.2σ  │
│  31 │     11 │    323 =    323 │   0.1936 │ 0.999904 │  0.00016 │  112.4σ  │
│  32 │    323 │   1008 =   1008 │   0.1896 │ 0.999914 │  0.00049 │  110.1σ  │
│  33 │    279 │    990 =    990 │   0.1705 │ 0.999908 │  0.00065 │  107.0σ  │
│  34 │  27889 │    315 =    315 │   0.1726 │ 0.999900 │  0.00001 │  113.5σ  │
│  35 │    315 │  32168 =  32168 │   0.2078 │ 0.999928 │  0.00079 │   98.3σ  │
│  36 │    656 │  59711 =  59711 │   0.1679 │ 0.999883 │  0.00148 │  124.0σ  │
│  37 │  38589 │    291 =    291 │   0.1439 │ 0.999928 │  0.00005 │  131.6σ  │
│  38 │    291 │    821 =    821 │   0.2049 │ 0.999916 │  0.00101 │   97.8σ  │
│  39 │  44378 │     13 =     13 │   0.1711 │ 0.999921 │  0.00021 │  114.9σ  │
│  40 │   3941 │   5248 =   5248 │   0.2090 │ 0.999931 │  0.00123 │  100.8σ  │
│  41 │   3040 │   2155 =   2155 │   0.2068 │ 0.999938 │  0.00085 │   95.4σ  │
│  42 │  97782 │    821 =    821 │   0.1944 │ 0.999927 │  0.00022 │   96.7σ  │
│  43 │  18432 │     13 =     13 │   0.1621 │ 0.999902 │  0.00016 │  119.8σ  │
│  44 │     26 │    279 =    279 │   0.2569 │ 0.999903 │  0.00066 │   75.6σ  │
│  45 │   1449 │  13734 =  13734 │   0.2350 │ 0.999942 │  0.00106 │  100.7σ  │
│  46 │  14311 │    304 !    572 │   0.1913 │ 0.999949 │  0.00073 │  103.7σ  │
│                                                                          WARN   │
│  47 │    572 │  90326 =  90326 │   0.1760 │ 0.999955 │  0.00043 │  111.4σ  │
│  48 │  48826 │     11 =     11 │   0.1672 │ 0.999951 │  0.00040 │  118.5σ  │
│  49 │     11 │    323 =    323 │   0.1899 │ 0.999937 │  0.00021 │  105.6σ  │
│  50 │   1449 │  11652 =  11652 │   0.1857 │ 0.999935 │  0.00067 │  110.4σ  │
│  51 │   1965 │    572 =    572 │   0.2045 │ 0.999946 │  0.00007 │  110.2σ  │
│  52 │    572 │  17256 =  17256 │   0.1769 │ 0.999952 │  0.00035 │  108.2σ  │
│  53 │  21870 │     11 =     11 │   0.1732 │ 0.999945 │  0.00121 │  121.8σ  │
│  54 │     11 │    323 =    323 │   0.1851 │ 0.999925 │  0.00001 │  117.7σ  │
│  55 │    323 │   1449 =   1449 │   0.2307 │ 0.999927 │  0.00050 │   88.9σ  │
│  56 │    279 │   2197 =   2197 │   0.1886 │ 0.999925 │  0.00084 │  104.5σ  │
│  57 │   1895 │    572 =    572 │   0.1680 │ 0.999939 │  0.00020 │  124.8σ  │
│  58 │   9482 │    448 =    448 │   0.1789 │ 0.999950 │  0.00005 │  112.2σ  │
│  59 │    448 │    264 =    264 │   0.2316 │ 0.999934 │  0.00028 │   90.2σ  │
│  60 │    264 │  11682 =  11682 │   0.1703 │ 0.999955 │  0.00056 │  116.1σ  │
│  61 │  52573 │    315 =    315 │   0.1832 │ 0.999940 │  0.00061 │  109.6σ  │
│  62 │    315 │   1917 =   1917 │   0.2024 │ 0.999936 │  0.00047 │   76.0σ  │
│  63 │  52374 │  69715 =  69715 │   0.1856 │ 0.999947 │  0.00067 │  121.7σ  │
│  64 │  41017 │   3589 =   3589 │   0.1650 │ 0.999960 │  0.00030 │  115.0σ  │
│  65 │  22901 │   9079 !   3589 │   0.1767 │ 0.999946 │  0.00043 │  119.4σ  │
│                                                                          WARN   │
│  66 │   7354 │     13 =     13 │   0.1574 │ 0.999922 │  0.00017 │  114.5σ  │
│  67 │    429 │   5230 =   5230 │   0.2232 │ 0.999940 │  0.00143 │  109.3σ  │
│  68 │   1030 │   1012 =   1012 │   0.1764 │ 0.999939 │  0.00018 │  108.8σ  │
│  69 │    311 │    387 =    387 │   0.1686 │ 0.999940 │  0.00000 │  128.5σ  │
│  70 │   1494 │   1573 =   1573 │   0.2046 │ 0.999933 │  0.00023 │   94.8σ  │
│  71 │   1573 │    279 =    279 │   0.1815 │ 0.999938 │  0.00013 │  107.8σ  │
│  72 │    279 │  12801 =  12801 │   0.1980 │ 0.999912 │  0.00061 │   83.2σ  │
│  73 │   4879 │    315 =    315 │   0.2029 │ 0.999918 │  0.00051 │   96.6σ  │
│  74 │   1410 │    387 =    387 │   0.1697 │ 0.999948 │  0.00057 │  126.1σ  │
│  75 │    387 │   6509 =   6509 │   0.1915 │ 0.999959 │  0.00049 │  107.9σ  │
│  76 │  37113 │    438 =    438 │   0.2044 │ 0.999931 │  0.00024 │  110.4σ  │
│  77 │     13 │    576 =    576 │   0.2438 │ 0.999880 │  0.00080 │   90.2σ  │
