│  18 │   4802 │   8173 =   8173 │   0.2938 │ 0.999904 │  0.00048 │   69.3σ  │
│  19 │   5819 │     13 =     13 │   0.3315 │ 0.999878 │  0.00473 │   59.3σ  │
│  20 │     11 │    892 =    892 │   0.2720 │ 0.999879 │  0.00199 │   69.2σ  │
│  21 │   4237 │   9471 =   9471 │   0.5426 │ 0.999724 │  0.00256 │   35.2σ  │
│  22 │  23869 │     11 =     11 │   0.6199 │ 0.999583 │  0.01084 │   34.1σ  │
│  23 │     11 │    323 =    323 │   0.6333 │ 0.999683 │  0.00253 │   38.5σ  │
│  24 │  15626 │  14155 =  14155 │   0.3545 │ 0.999862 │  0.00269 │   56.6σ  │
│  25 │  49054 │     11 =     11 │   0.3624 │ 0.999789 │  0.00006 │   57.6σ  │
│  26 │     11 │    323 =    323 │   0.2638 │ 0.999915 │  0.00029 │   75.9σ  │
│  27 │  10272 │   2022 =   2022 │   0.2990 │ 0.999730 │  0.00030 │   63.1σ  │
│  28 │   1506 │  29728 =  29728 │   0.3353 │ 0.999861 │  0.00228 │   53.0σ  │
│  29 │   6529 │     11 =     11 │   0.3436 │ 0.999853 │  0.00102 │   61.1σ  │
│  30 │  63515 │     11 =     11 │   0.2161 │ 0.999860 │  0.00004 │   85.0σ  │
│  31 │     11 │    323 =    323 │   0.3007 │ 0.999915 │  0.00071 │   63.1σ  │
│  32 │    323 │   1008 =   1008 │   0.2840 │ 0.999927 │  0.00157 │   65.7σ  │
│  33 │    279 │   1075 =   1075 │   0.2670 │ 0.999932 │  0.00258 │   67.1σ  │
│  34 │  27889 │    315 =    315 │   0.2373 │ 0.999898 │  0.00003 │   89.7σ  │
│  35 │    315 │  30128 =  30128 │   0.3372 │ 0.999905 │  0.00422 │   58.7σ  │
│  36 │    656 │   1331 =   1331 │   0.3685 │ 0.999616 │  0.00564 │   50.1σ  │
│  37 │  38589 │    291 =    291 │   0.2645 │ 0.999897 │  0.00023 │   91.2σ  │
│  38 │    291 │   5819 =   5819 │   0.3477 │ 0.999920 │  0.00290 │   58.4σ  │
│  39 │  44378 │     13 =     13 │   0.3003 │ 0.999886 │  0.00207 │   65.6σ  │
│  40 │   3941 │   2155 =   2155 │   0.2973 │ 0.999910 │  0.00067 │   71.3σ  │
│  41 │   3040 │   2155 =   2155 │   0.2605 │ 0.999937 │  0.00085 │   80.8σ  │
│  42 │  97782 │  24231 =  24231 │   0.2789 │ 0.999939 │  0.00138 │   73.3σ  │
│  43 │  18432 │     13 =     13 │   0.2350 │ 0.999889 │  0.00025 │   86.0σ  │
│  44 │     26 │    279 =    279 │   0.2572 │ 0.999892 │  0.00228 │   76.8σ  │
│  45 │   1449 │  13734 =  13734 │   0.2852 │ 0.999931 │  0.00042 │   68.0σ  │
│  46 │  14311 │    572 =    572 │   0.2633 │ 0.999907 │  0.00159 │   76.1σ  │
│  47 │    572 │   5326 =   5326 │   0.2772 │ 0.999912 │  0.00106 │   65.6σ  │
│  48 │  48826 │    504 =    504 │   0.2703 │ 0.999917 │  0.00104 │   63.4σ  │
│  49 │     11 │    323 =    323 │   0.3171 │ 0.999905 │  0.00053 │   83.0σ  │
│  50 │   1449 │  11652 =  11652 │   0.2495 │ 0.999938 │  0.00106 │   70.2σ  │
│  51 │   1965 │   1030 =   1030 │   0.2380 │ 0.999920 │  0.00032 │   74.1σ  │
│  52 │    572 │  29829 =  29829 │   0.2502 │ 0.999932 │  0.00082 │   73.9σ  │
│  53 │  21870 │     11 =     11 │   0.2465 │ 0.999913 │  0.00052 │   67.8σ  │
│  54 │     11 │    323 =    323 │   0.2164 │ 0.999877 │  0.00106 │   87.3σ  │
│  55 │    323 │   1449 =   1449 │   0.2292 │ 0.999910 │  0.00129 │   82.9σ  │
│  56 │    279 │   1467 =   1467 │   0.2576 │ 0.999928 │  0.00139 │   73.0σ  │
│  57 │   1895 │    572 =    572 │   0.2760 │ 0.999907 │  0.00079 │   63.0σ  │
│  58 │   9482 │    448 =    448 │   0.2189 │ 0.999920 │  0.00008 │   83.9σ  │
│  59 │    448 │    264 =    264 │   0.2115 │ 0.999935 │  0.00015 │   85.4σ  │
│  60 │    264 │  12126 =  12126 │   0.2475 │ 0.999956 │  0.00067 │   76.4σ  │
│  61 │  52573 │    315 =    315 │   0.2164 │ 0.999930 │  0.00047 │   88.6σ  │
│  62 │    315 │   3589 =   3589 │   0.2862 │ 0.999934 │  0.00110 │   67.3σ  │
│  63 │  52374 │   3589 =   3589 │   0.2141 │ 0.999924 │  0.00059 │   82.1σ  │
│  64 │  41017 │   3589 =   3589 │   0.2629 │ 0.999934 │  0.00144 │   75.8σ  │
│  65 │  22901 │   3501 =   3501 │   0.2681 │ 0.999922 │  0.00140 │   81.4σ  │
│  66 │   7354 │     13 =     13 │   0.2196 │ 0.999932 │  0.00037 │  100.3σ  │
│  67 │    429 │   1035 =   1035 │   0.2414 │ 0.999920 │  0.00077 │   76.9σ  │
│  68 │   1030 │   1012 =   1012 │   0.2288 │ 0.999927 │  0.00013 │   92.4σ  │
│  69 │    311 │    387 =    387 │   0.2641 │ 0.999895 │  0.00004 │   64.3σ  │
│  70 │   1494 │   1573 =   1573 │   0.2049 │ 0.999934 │  0.00028 │   93.3σ  │
│  71 │   1573 │    279 =    279 │   0.2751 │ 0.999925 │  0.00035 │   69.7σ  │
│  72 │    279 │  12801 =  12801 │   0.2229 │ 0.999945 │  0.00039 │   79.5σ  │
│  73 │   4879 │    315 =    315 │   0.2213 │ 0.999941 │  0.00031 │   91.7σ  │
│  74 │   1410 │    387 =    387 │   0.2410 │ 0.999931 │  0.00097 │   79.0σ  │
│  75 │    387 │   6509 =   6509 │   0.2663 │ 0.999929 │  0.00080 │   76.5σ  │
│  76 │  37113 │    438 =    438 │   0.2316 │ 0.999945 │  0.00011 │   91.1σ  │
│  77 │     13 │    576 =    576 │   0.3170 │ 0.999811 │  0.00116 │   57.8σ  │
