│  19 │   5819 │   5942 =   5942 │   0.1797 │ 0.999920 │  0.00088 │  109.7σ  │
│  20 │     11 │   2670 =   2670 │   0.2914 │ 0.999878 │  0.00102 │   73.4σ  │
│  21 │   4237 │   9471 =   9471 │   0.3433 │ 0.999904 │  0.00181 │   64.7σ  │
│  22 │  23869 │     11 =     11 │   0.3740 │ 0.999841 │  0.00130 │   68.5σ  │
│  23 │     11 │    323 =    323 │   0.2592 │ 0.999844 │  0.00017 │   68.1σ  │
│  24 │  15626 │  14155 =  14155 │   0.2035 │ 0.999876 │  0.00051 │  104.0σ  │
│  25 │  49054 │     11 =     11 │   0.2096 │ 0.999805 │  0.00003 │  102.6σ  │
│  26 │     11 │    323 =    323 │   0.1936 │ 0.999830 │  0.00052 │   96.9σ  │
│  27 │  10272 │   2022 =   2022 │   0.2090 │ 0.999743 │  0.00011 │   90.6σ  │
│  28 │   1506 │  29728 =  29728 │   0.2051 │ 0.999870 │  0.00092 │   97.9σ  │
│  29 │   6529 │  23783 =  23783 │   0.2056 │ 0.999879 │  0.00004 │   96.4σ  │
│  30 │  63515 │     11 =     11 │   0.2244 │ 0.999664 │  0.00000 │   69.2σ  │
│  31 │     11 │    323 =    323 │   0.1926 │ 0.999853 │  0.00015 │   83.8σ  │
│  32 │    323 │   1008 =   1008 │   0.2440 │ 0.999882 │  0.00072 │   90.1σ  │
│  33 │    279 │    990 =    990 │   0.2224 │ 0.999897 │  0.00071 │  103.7σ  │
│  34 │  27889 │    315 =    315 │   0.1978 │ 0.999884 │  0.00001 │  109.8σ  │
│  35 │    315 │  32168 =  32168 │   0.2117 │ 0.999923 │  0.00051 │   95.2σ  │
│  36 │    656 │  59711 =  59711 │   0.2001 │ 0.999848 │  0.00102 │  109.1σ  │
│  37 │  38589 │    291 =    291 │   0.1870 │ 0.999900 │  0.00046 │  119.0σ  │
│  38 │    291 │    821 =    821 │   0.2292 │ 0.999884 │  0.00083 │   72.1σ  │
│  39 │  44378 │     13 =     13 │   0.2338 │ 0.999902 │  0.00059 │  103.3σ  │
│  40 │   3941 │   5248 =   5248 │   0.1909 │ 0.999932 │  0.00046 │  104.3σ  │
│  41 │   3040 │   2155 =   2155 │   0.2748 │ 0.999919 │  0.00287 │   84.4σ  │
│  42 │  97782 │    821 =    821 │   0.1809 │ 0.999932 │  0.00028 │  106.9σ  │
│  43 │  18432 │     13 =     13 │   0.2004 │ 0.999854 │  0.00032 │   94.5σ  │
│  44 │     26 │    279 =    279 │   0.2987 │ 0.999879 │  0.00096 │   68.5σ  │
│  45 │   1449 │  13734 =  13734 │   0.2167 │ 0.999940 │  0.00210 │   90.5σ  │
│  46 │  14311 │    304 !    572 │   0.2247 │ 0.999942 │  0.00084 │   93.9σ  │
│                                                                          WARN   │
│  47 │    572 │  90326 =  90326 │   0.2278 │ 0.999948 │  0.00083 │  102.2σ  │
│  48 │  48826 │     11 =     11 │   0.1783 │ 0.999941 │  0.00031 │  106.2σ  │
│  49 │     11 │    323 =    323 │   0.2627 │ 0.999923 │  0.00015 │   94.9σ  │
│  50 │   1449 │  11652 =  11652 │   0.1907 │ 0.999933 │  0.00039 │  108.4σ  │
│  51 │   1965 │    572 =    572 │   0.2343 │ 0.999916 │  0.00029 │   85.3σ  │
│  52 │    572 │  17256 =  17256 │   0.1863 │ 0.999948 │  0.00077 │  109.0σ  │
│  53 │  21870 │     11 =     11 │   0.2292 │ 0.999917 │  0.00051 │   87.7σ  │
│  54 │     11 │    323 =    323 │   0.2459 │ 0.999892 │  0.00003 │   97.4σ  │
│  55 │    323 │   1449 =   1449 │   0.1971 │ 0.999931 │  0.00012 │  100.4σ  │
│  56 │    279 │   2197 =   2197 │   0.1877 │ 0.999920 │  0.00073 │  101.7σ  │
│  57 │   1895 │    572 =    572 │   0.1960 │ 0.999900 │  0.00024 │   93.1σ  │
│  58 │   9482 │    448 =    448 │   0.2061 │ 0.999932 │  0.00006 │   92.1σ  │
│  59 │    448 │    264 =    264 │   0.2135 │ 0.999927 │  0.00058 │   97.0σ  │
│  60 │    264 │  11682 =  11682 │   0.1823 │ 0.999948 │  0.00052 │  107.5σ  │
│  61 │  52573 │    315 =    315 │   0.1879 │ 0.999934 │  0.00012 │  104.6σ  │
│  62 │    315 │   1917 =   1917 │   0.2076 │ 0.999951 │  0.00071 │  106.8σ  │
│  63 │  52374 │  69715 =  69715 │   0.1847 │ 0.999927 │  0.00021 │  107.6σ  │
│  64 │  41017 │   3589 =   3589 │   0.1773 │ 0.999953 │  0.00014 │  107.4σ  │
│  65 │  22901 │   3589 =   3589 │   0.1908 │ 0.999949 │  0.00047 │  125.8σ  │
│  66 │   7354 │     13 =     13 │   0.1715 │ 0.999909 │  0.00016 │  112.0σ  │
│  67 │    429 │   5230 =   5230 │   0.2016 │ 0.999937 │  0.00036 │  103.4σ  │
│  68 │   1030 │   1012 =   1012 │   0.1712 │ 0.999943 │  0.00042 │  117.5σ  │
│  69 │    311 │    387 =    387 │   0.1952 │ 0.999922 │  0.00001 │  109.0σ  │
│  70 │   1494 │   1573 =   1573 │   0.2148 │ 0.999924 │  0.00036 │   95.5σ  │
│  71 │   1573 │    279 =    279 │   0.1966 │ 0.999922 │  0.00057 │   99.3σ  │
│  72 │    279 │  12801 =  12801 │   0.2305 │ 0.999891 │  0.00117 │   69.3σ  │
│  73 │   4879 │    315 =    315 │   0.2099 │ 0.999916 │  0.00023 │  102.0σ  │
│  74 │   1410 │    387 =    387 │   0.2565 │ 0.999921 │  0.00090 │   85.5σ  │
│  75 │    387 │   6509 =   6509 │   0.1913 │ 0.999956 │  0.00066 │  107.5σ  │
│  76 │  37113 │    438 =    438 │   0.2081 │ 0.999915 │  0.00035 │  102.8σ  │
│  77 │     13 │    576 =    576 │   0.2263 │ 0.999867 │  0.00074 │   93.4σ  │
