│  21 │   4237 │   9471 =   9471 │   1.0817 │ 0.999066 │  0.01312 │   19.2σ  │
│  22 │  23869 │     11 =     11 │   0.8329 │ 0.999252 │  0.02141 │   24.7σ  │
│  23 │     11 │    323 =    323 │   0.8862 │ 0.999461 │  0.00284 │   29.1σ  │
│  24 │  15626 │  14155 =  14155 │   0.4594 │ 0.999769 │  0.00288 │   43.5σ  │
│  25 │  49054 │     11 =     11 │   0.4377 │ 0.999780 │  0.00020 │   65.8σ  │
│  26 │     11 │    323 =    323 │   0.3316 │ 0.999864 │  0.00057 │   59.4σ  │
│  27 │  10272 │   2022 =   2022 │   0.4616 │ 0.999374 │  0.00058 │   39.3σ  │
│  28 │   1506 │  29728 =  29728 │   0.4141 │ 0.999806 │  0.00458 │   39.9σ  │
│  29 │   6529 │     11 =     11 │   0.3875 │ 0.999786 │  0.00072 │   48.6σ  │
│  30 │  63515 │     11 =     11 │   0.3124 │ 0.999780 │  0.00008 │   68.0σ  │
│  31 │     11 │    323 =    323 │   0.2588 │ 0.999906 │  0.00067 │   67.8σ  │
│  32 │    323 │   1008 =   1008 │   0.3424 │ 0.999908 │  0.00131 │   61.4σ  │
│  33 │    279 │    990 !   1075 │   0.3394 │ 0.999901 │  0.00240 │   57.0σ  │
│                                                                          WARN   │
│  34 │  27889 │    315 =    315 │   0.3088 │ 0.999833 │  0.00006 │   69.9σ  │
│  35 │    315 │  30128 =  30128 │   0.3451 │ 0.999913 │  0.00305 │   55.0σ  │
│  36 │    656 │   1331 =   1331 │   0.3968 │ 0.999545 │  0.00251 │   47.6σ  │
│  37 │  38589 │    291 =    291 │   0.2634 │ 0.999837 │  0.00075 │   73.1σ  │
│  38 │    291 │   5819 =   5819 │   0.4165 │ 0.999892 │  0.00091 │   40.7σ  │
│  39 │  44378 │     13 =     13 │   0.3750 │ 0.999847 │  0.00213 │   42.3σ  │
│  40 │   3941 │   2155 =   2155 │   0.3015 │ 0.999881 │  0.00155 │   62.0σ  │
│  41 │   3040 │   2155 =   2155 │   0.3162 │ 0.999907 │  0.00210 │   63.8σ  │
│  42 │  97782 │  24231 =  24231 │   0.3548 │ 0.999910 │  0.00199 │   54.7σ  │
│  43 │  18432 │     13 =     13 │   0.3258 │ 0.999836 │  0.00034 │   72.8σ  │
│  44 │     26 │    279 =    279 │   0.3270 │ 0.999826 │  0.00133 │   60.8σ  │
│  45 │   1449 │  13734 =  13734 │   0.3318 │ 0.999904 │  0.00191 │   53.5σ  │
│  46 │  14311 │    572 =    572 │   0.2706 │ 0.999886 │  0.00159 │   69.1σ  │
│  47 │    572 │   5326 =   5326 │   0.3203 │ 0.999881 │  0.00181 │   58.6σ  │
│  48 │  48826 │    504 =    504 │   0.2487 │ 0.999915 │  0.00099 │   79.0σ  │
│  49 │     11 │    323 =    323 │   0.2852 │ 0.999891 │  0.00076 │   74.2σ  │
│  50 │   1449 │  11652 =  11652 │   0.2984 │ 0.999917 │  0.00296 │   70.5σ  │
│  51 │   1965 │    572 !   1030 │   0.2731 │ 0.999907 │  0.00036 │   67.6σ  │
│                                                                          WARN   │
│  52 │    572 │  29829 =  29829 │   0.3086 │ 0.999924 │  0.00160 │   74.5σ  │
│  53 │  21870 │     11 =     11 │   0.2898 │ 0.999897 │  0.00023 │   66.8σ  │
│  54 │     11 │    323 =    323 │   0.2526 │ 0.999864 │  0.00015 │   81.9σ  │
│  55 │    323 │   1449 =   1449 │   0.2620 │ 0.999892 │  0.00031 │   82.7σ  │
│  56 │    279 │   1467 =   1467 │   0.3415 │ 0.999877 │  0.00127 │   47.2σ  │
│  57 │   1895 │    572 =    572 │   0.3002 │ 0.999879 │  0.00077 │   63.0σ  │
│  58 │   9482 │    448 =    448 │   0.2958 │ 0.999896 │  0.00010 │   74.5σ  │
│  59 │    448 │    264 =    264 │   0.2412 │ 0.999911 │  0.00054 │   77.8σ  │
│  60 │    264 │  12126 =  12126 │   0.2904 │ 0.999928 │  0.00069 │   56.7σ  │
│  61 │  52573 │    315 =    315 │   0.2807 │ 0.999893 │  0.00037 │   69.9σ  │
│  62 │    315 │   3589 =   3589 │   0.2667 │ 0.999918 │  0.00217 │   72.5σ  │
│  63 │  52374 │   3589 =   3589 │   0.2771 │ 0.999885 │  0.00059 │   69.4σ  │
│  64 │  41017 │   3589 =   3589 │   0.2922 │ 0.999917 │  0.00101 │   68.7σ  │
│  65 │  22901 │   3501 =   3501 │   0.2977 │ 0.999901 │  0.00217 │   71.4σ  │
│  66 │   7354 │     13 =     13 │   0.2398 │ 0.999894 │  0.00029 │   76.6σ  │
│  67 │    429 │   1035 =   1035 │   0.2889 │ 0.999886 │  0.00150 │   57.2σ  │
│  68 │   1030 │   1012 =   1012 │   0.2979 │ 0.999861 │  0.00020 │   64.5σ  │
│  69 │    311 │    387 =    387 │   0.3566 │ 0.999882 │  0.00003 │   68.9σ  │
│  70 │   1494 │   1573 =   1573 │   0.2767 │ 0.999905 │  0.00014 │   75.5σ  │
│  71 │   1573 │    279 =    279 │   0.2879 │ 0.999919 │  0.00047 │   74.1σ  │
│  72 │    279 │  12801 =  12801 │   0.2850 │ 0.999932 │  0.00066 │   56.6σ  │
│  73 │   4879 │    315 =    315 │   0.2779 │ 0.999907 │  0.00164 │   74.5σ  │
│  74 │   1410 │    387 =    387 │   0.3433 │ 0.999895 │  0.00047 │   59.9σ  │
│  75 │    387 │   1865 !   6509 │   0.3209 │ 0.999916 │  0.00118 │   70.9σ  │
│                                                                          WARN   │
│  76 │  37113 │    438 =    438 │   0.2456 │ 0.999919 │  0.00040 │   76.0σ  │
│  77 │     13 │    576 =    576 │   0.2947 │ 0.999817 │  0.00094 │   65.3σ  │
